00:00 +0: loading C:/Users/kuldeep/OneDrive/Desktop/mental mantra/test/core/app_config_test.dart
00:00 +0: C:/Users/kuldeep/OneDrive/Desktop/mental mantra/test/core/app_config_test.dart: AppConfig has correct app name and version
00:00 +1: C:/Users/kuldeep/OneDrive/Desktop/mental mantra/test/core/app_config_test.dart: AppConfig has feature flags
00:00 +2: C:/Users/kuldeep/OneDrive/Desktop/mental mantra/test/core/app_config_test.dart: AppConfig has default timeouts
00:00 +3: C:/Users/kuldeep/OneDrive/Desktop/mental mantra/test/core/app_exceptions_test.dart: AppException creates with required message
00:00 +4: C:/Users/kuldeep/OneDrive/Desktop/mental mantra/test/core/app_exceptions_test.dart: AppException detects unauthorized
00:00 +5: C:/Users/kuldeep/OneDrive/Desktop/mental mantra/test/core/app_exceptions_test.dart: AppException detects server errors
00:00 +6: C:/Users/kuldeep/OneDrive/Desktop/mental mantra/test/core/app_exceptions_test.dart: AppException detects network errors
00:00 +7: C:/Users/kuldeep/OneDrive/Desktop/mental mantra/test/core/app_exceptions_test.dart: AuthException extends AppException
00:00 +8: C:/Users/kuldeep/OneDrive/Desktop/mental mantra/test/core/app_exceptions_test.dart: NetworkException extends AppException with no status code
00:00 +9: C:/Users/kuldeep/OneDrive/Desktop/mental mantra/test/core/app_exceptions_test.dart: ValidationException can have field errors
00:00 +10: C:/Users/kuldeep/OneDrive/Desktop/mental mantra/test/core/safety_detector_test.dart: SafetyDetector detects suicidal keywords
00:01 +11: C:/Users/kuldeep/OneDrive/Desktop/mental mantra/test/core/safety_detector_test.dart: SafetyDetector detects self-harm patterns
00:01 +12: C:/Users/kuldeep/OneDrive/Desktop/mental mantra/test/core/safety_detector_test.dart: SafetyDetector detects hopelessness
00:01 +13: C:/Users/kuldeep/OneDrive/Desktop/mental mantra/test/core/safety_detector_test.dart: SafetyDetector returns safe for normal content
00:01 +14: C:/Users/kuldeep/OneDrive/Desktop/mental mantra/test/core/safety_detector_test.dart: SafetyDetector returns safe for empty content
00:01 +15: C:/Users/kuldeep/OneDrive/Desktop/mental mantra/test/core/safety_detector_test.dart: SafetyDetector provides suggested response for crises
00:01 +16: C:/Users/kuldeep/OneDrive/Desktop/mental mantra/test/core/safety_detector_test.dart: SafetyDetector confidence is zero for safe content
00:01 +17: C:/Users/kuldeep/OneDrive/Desktop/mental mantra/test/integration/api_security_performance_test.dart: API Integration, Security & Performance Tests SafetyDetector handles malicious or extreme security inputs efficiently
00:01 +18: C:/Users/kuldeep/OneDrive/Desktop/mental mantra/test/integration/api_security_performance_test.dart: API Integration, Security & Performance Tests AppConfig security and timeout configuration audit
00:02 +19: C:/Users/kuldeep/OneDrive/Desktop/mental mantra/test/unit/dashboard_ui_provider_test.dart: DashboardUiProvider initial state has correct defaults
00:02 +20: C:/Users/kuldeep/OneDrive/Desktop/mental mantra/test/unit/dashboard_ui_provider_test.dart: DashboardUiProvider setCompletedJourneySteps updates state
00:02 +21: C:/Users/kuldeep/OneDrive/Desktop/mental mantra/test/unit/dashboard_ui_provider_test.dart: DashboardUiProvider advanceJourneyStep increments by 1
00:02 +22: C:/Users/kuldeep/OneDrive/Desktop/mental mantra/test/unit/dashboard_ui_provider_test.dart: DashboardUiProvider setWaterLogged updates state
00:02 +23: C:/Users/kuldeep/OneDrive/Desktop/mental mantra/test/unit/dashboard_ui_provider_test.dart: DashboardUiProvider setHabitFlipped updates state
00:02 +24: C:/Users/kuldeep/OneDrive/Desktop/mental mantra/test/unit/dashboard_ui_provider_test.dart: DashboardUiProvider setJourneySelectedMood updates state
00:02 +25: C:/Users/kuldeep/OneDrive/Desktop/mental mantra/test/unit/dashboard_ui_provider_test.dart: DashboardUiProvider setBreathingActive sets isBreathingActive and resets phase
00:02 +26: C:/Users/kuldeep/OneDrive/Desktop/mental mantra/test/unit/dashboard_ui_provider_test.dart: DashboardUiProvider setBreathingActive with emergency mode sets longer seconds
00:02 +27: C:/Users/kuldeep/OneDrive/Desktop/mental mantra/test/unit/dashboard_ui_provider_test.dart: DashboardUiProvider updateBreathingPhase updates phase, seconds, and rounds
00:02 +28: C:/Users/kuldeep/OneDrive/Desktop/mental mantra/test/unit/dashboard_ui_provider_test.dart: DashboardUiProvider stopBreathing sets isBreathingActive to false
00:02 +29: C:/Users/kuldeep/OneDrive/Desktop/mental mantra/test/unit/dashboard_ui_provider_test.dart: DashboardUiProvider setShowConfetti updates state
00:02 +30: C:/Users/kuldeep/OneDrive/Desktop/mental mantra/test/unit/dashboard_ui_provider_test.dart: DashboardUiProvider setEveningMoodDragValue updates state
00:02 +31: C:/Users/kuldeep/OneDrive/Desktop/mental mantra/test/unit/dashboard_ui_provider_test.dart: DashboardUiProvider setEveningMoodSaved updates state
00:02 +32: C:/Users/kuldeep/OneDrive/Desktop/mental mantra/test/unit/dashboard_ui_provider_test.dart: DashboardUiProvider toggleSoundPlaying toggles isSoundPlaying
00:02 +33: C:/Users/kuldeep/OneDrive/Desktop/mental mantra/test/unit/dashboard_ui_provider_test.dart: DashboardUiProvider setSoundVolume updates individual volumes
00:02 +34: C:/Users/kuldeep/OneDrive/Desktop/mental mantra/test/unit/dashboard_ui_provider_test.dart: DashboardUiProvider setExpandedSoundBubble toggles correctly
00:02 +35: C:/Users/kuldeep/OneDrive/Desktop/mental mantra/test/unit/dashboard_ui_provider_test.dart: DashboardUiProvider setExpandedSoundBubble with null clears it
00:02 +36: C:/Users/kuldeep/OneDrive/Desktop/mental mantra/test/unit/dashboard_ui_provider_test.dart: DashboardUiProvider reset restores initial state
00:02 +37: C:/Users/kuldeep/OneDrive/Desktop/mental mantra/test/unit/dashboard_ui_provider_test.dart: DashboardUiProvider state is independent - changing one does not affect others
00:02 +38: C:/Users/kuldeep/OneDrive/Desktop/mental mantra/test/unit/debouncer_test.dart: Debouncer debounces multiple rapid calls
00:02 +39: C:/Users/kuldeep/OneDrive/Desktop/mental mantra/test/unit/debouncer_test.dart: Debouncer cancel prevents execution
00:03 +40: C:/Users/kuldeep/OneDrive/Desktop/mental mantra/test/unit/debouncer_test.dart: Debouncer cancel prevents execution
00:03 +41: C:/Users/kuldeep/OneDrive/Desktop/mental mantra/test/unit/debouncer_test.dart: Debouncer cancel prevents execution
00:03 +42: C:/Users/kuldeep/OneDrive/Desktop/mental mantra/test/unit/debouncer_test.dart: Throttler allows first call but blocks subsequent calls
00:03 +43: C:/Users/kuldeep/OneDrive/Desktop/mental mantra/test/unit/debouncer_test.dart: Throttler allows first call but blocks subsequent calls
00:03 +44: C:/Users/kuldeep/OneDrive/Desktop/mental mantra/test/unit/fitness_models_test.dart: WorkoutSession fromJson and toJson round-trip
00:03 +45: C:/Users/kuldeep/OneDrive/Desktop/mental mantra/test/unit/debouncer_test.dart: Throttler allows call after interval
00:03 +46: C:/Users/kuldeep/OneDrive/Desktop/mental mantra/test/unit/debouncer_test.dart: Throttler allows call after interval
00:03 +47: C:/Users/kuldeep/OneDrive/Desktop/mental mantra/test/unit/debouncer_test.dart: Throttler allows call after interval
00:03 +48: C:/Users/kuldeep/OneDrive/Desktop/mental mantra/test/unit/debouncer_test.dart: Throttler reset allows immediate call
00:03 +49: C:/Users/kuldeep/OneDrive/Desktop/mental mantra/test/unit/journal_intelligence_engine_test.dart: JournalIntelligenceEngine Unit Tests analyzes positive entry with themes and sentiment
00:03 +50: C:/Users/kuldeep/OneDrive/Desktop/mental mantra/test/unit/journal_intelligence_engine_test.dart: JournalIntelligenceEngine Unit Tests analyzes negative entry with stress themes
00:03 +51: C:/Users/kuldeep/OneDrive/Desktop/mental mantra/test/unit/meditation_models_test.dart: MeditationCategory fromJson and toJson round-trip
00:03 +52: C:/Users/kuldeep/OneDrive/Desktop/mental mantra/test/unit/meditation_models_test.dart: MeditationSession fromJson and toJson round-trip
00:03 +53: C:/Users/kuldeep/OneDrive/Desktop/mental mantra/test/unit/meditation_models_test.dart: MeditationSession durationLabel formats minutes
00:03 +54: C:/Users/kuldeep/OneDrive/Desktop/mental mantra/test/unit/meditation_models_test.dart: MeditationSession durationLabel formats hours and minutes
00:03 +55: C:/Users/kuldeep/OneDrive/Desktop/mental mantra/test/unit/meditation_models_test.dart: MeditationSession durationLabel shows only hours when no remainder
00:03 +56: C:/Users/kuldeep/OneDrive/Desktop/mental mantra/test/unit/meditation_models_test.dart: MeditationSession copyWith does not modify original
00:04 +57: C:/Users/kuldeep/OneDrive/Desktop/mental mantra/test/unit/meditation_utils_test.dart: MeditationUtils Unit Tests formatDuration formats zero seconds
00:04 +58: C:/Users/kuldeep/OneDrive/Desktop/mental mantra/test/unit/meditation_utils_test.dart: MeditationUtils Unit Tests formatDuration formats only seconds
00:04 +59: C:/Users/kuldeep/OneDrive/Desktop/mental mantra/test/unit/meditation_utils_test.dart: MeditationUtils Unit Tests formatDuration formats minutes and seconds
00:04 +60: C:/Users/kuldeep/OneDrive/Desktop/mental mantra/test/unit/meditation_utils_test.dart: MeditationUtils Unit Tests formatDuration formats large durations
00:04 +60 -1: C:/Users/kuldeep/OneDrive/Desktop/mental mantra/test/unit/meditation_utils_test.dart: MeditationUtils Unit Tests formatDuration formats large durations [E]
  Expected: '61:01'
    Actual: '1:01:01'
     Which: is different.
            Expected: 61:01
              Actual: 1:01:01
                      ^
             Differ at offset 0
  
  package:matcher                                     expect
  package:flutter_test/src/widget_tester.dart 473:18  expect
  test\unit\meditation_utils_test.dart 20:9           main.<fn>.<fn>.<fn>
  
00:04 +60 -1: C:/Users/kuldeep/OneDrive/Desktop/mental mantra/test/unit/meditation_utils_test.dart: MeditationUtils Unit Tests moodEmoji returns correct emoji for mood 1
00:04 +61 -1: C:/Users/kuldeep/OneDrive/Desktop/mental mantra/test/unit/meditation_utils_test.dart: MeditationUtils Unit Tests moodEmoji returns correct emoji for mood 5
00:04 +62 -1: C:/Users/kuldeep/OneDrive/Desktop/mental mantra/test/unit/meditation_utils_test.dart: MeditationUtils Unit Tests moodEmoji clamps values below range
00:04 +63 -1: C:/Users/kuldeep/OneDrive/Desktop/mental mantra/test/unit/meditation_utils_test.dart: MeditationUtils Unit Tests moodEmoji clamps values above range
00:04 +64 -1: C:/Users/kuldeep/OneDrive/Desktop/mental mantra/test/unit/meditation_utils_test.dart: MeditationUtils Unit Tests moodLabel returns correct label for mood 1
00:04 +65 -1: C:/Users/kuldeep/OneDrive/Desktop/mental mantra/test/unit/meditation_utils_test.dart: MeditationUtils Unit Tests moodLabel returns correct label for mood 3
00:04 +66 -1: C:/Users/kuldeep/OneDrive/Desktop/mental mantra/test/unit/meditation_utils_test.dart: MeditationUtils Unit Tests moodLabel returns correct label for mood 5
00:04 +67 -1: C:/Users/kuldeep/OneDrive/Desktop/mental mantra/test/unit/meditation_utils_test.dart: MeditationUtils Unit Tests moodLabel clamps values below range
00:04 +68 -1: C:/Users/kuldeep/OneDrive/Desktop/mental mantra/test/unit/meditation_utils_test.dart: MeditationUtils Unit Tests moodLabel clamps values above range
00:04 +69 -1: C:/Users/kuldeep/OneDrive/Desktop/mental mantra/test/unit/meditation_utils_test.dart: MeditationUtils Unit Tests triggerHaptic is callable when disabled
00:04 +70 -1: C:/Users/kuldeep/OneDrive/Desktop/mental mantra/test/unit/score_engine_test.dart: ScoreEngine Unit Tests computes wellness score accurately for optimal inputs
00:04 +71 -1: C:/Users/kuldeep/OneDrive/Desktop/mental mantra/test/unit/score_engine_test.dart: ScoreEngine Unit Tests computes wellness score and identifies needsAttention for poor inputs
00:05 +72 -1: C:/Users/kuldeep/OneDrive/Desktop/mental mantra/test/unit/sleep_models_test.dart: SleepRecord durationLabel shows only hours when no remainder
00:05 +73 -1: C:/Users/kuldeep/OneDrive/Desktop/mental mantra/test/unit/sleep_models_test.dart: SleepRecord durationLabel shows hours and minutes
00:05 +74 -1: C:/Users/kuldeep/OneDrive/Desktop/mental mantra/test/unit/sleep_models_test.dart: SleepRecord qualityLabel returns correct labels
00:05 +75 -1: C:/Users/kuldeep/OneDrive/Desktop/mental mantra/test/unit/sleep_models_test.dart: SleepRecord fromJson and toJson round-trip
00:05 +76 -1: C:/Users/kuldeep/OneDrive/Desktop/mental mantra/test/unit/sleep_models_test.dart: SleepRecord fromJson handles missing fields
00:05 +77 -1: C:/Users/kuldeep/OneDrive/Desktop/mental mantra/test/unit/sleep_models_test.dart: SleepRecord copyWith does not modify original
00:05 +78 -1: C:/Users/kuldeep/OneDrive/Desktop/mental mantra/test/unit/sleep_models_test.dart: SleepStats has default values
00:05 +79 -1: C:/Users/kuldeep/OneDrive/Desktop/mental mantra/test/unit/sync_queue_service_test.dart: SyncQueueService Unit Tests initial state has correct default values
[Config] Auto-detecting backend URL...
[Config] Trying: http://172.26.79.50:3000
00:05 +80 -1: C:/Users/kuldeep/OneDrive/Desktop/mental mantra/test/unit/sync_queue_service_test.dart: SyncQueueService Unit Tests addToQueue adds new items and increases pendingCount
[Config] Auto-detecting backend URL...
[Config] Trying: http://172.26.79.50:3000
[SyncService] Queued sync action: SET on journals/doc_123
00:05 +81 -1: C:/Users/kuldeep/OneDrive/Desktop/mental mantra/test/unit/sync_queue_service_test.dart: SyncQueueService Unit Tests addToQueue overwrites previous pending item for same collection/docId
[Config] Auto-detecting backend URL...
[Config] Trying: http://172.26.79.50:3000
[SyncService] Queued sync action: SET on journals/doc_123
[SyncService] Queued sync action: UPDATE on journals/doc_123
00:05 +82 -1: C:/Users/kuldeep/OneDrive/Desktop/mental mantra/test/unit/sync_queue_service_test.dart: SyncQueueService Unit Tests processQueue simulates backup and clears queue
[Config] Auto-detecting backend URL...
[Config] Trying: http://172.26.79.50:3000
[SyncService] Queued sync action: SET on moods/mood_today
00:06 +83 -1: C:/Users/kuldeep/OneDrive/Desktop/mental mantra/test/unit/sync_queue_service_test.dart: SyncQueueService Unit Tests processQueue simulates backup and clears queue
00:06 +84 -1: C:/Users/kuldeep/OneDrive/Desktop/mental mantra/test/unit/sync_queue_service_test.dart: SyncQueueService Unit Tests processQueue simulates backup and clears queue
00:06 +85 -1: C:/Users/kuldeep/OneDrive/Desktop/mental mantra/test/unit/sync_queue_service_test.dart: SyncQueueService Unit Tests processQueue simulates backup and clears queue
00:06 +86 -1: C:/Users/kuldeep/OneDrive/Desktop/mental mantra/test/unit/sync_queue_service_test.dart: SyncQueueService Unit Tests processQueue simulates backup and clears queue
00:06 +87 -1: C:/Users/kuldeep/OneDrive/Desktop/mental mantra/test/unit/sync_queue_service_test.dart: SyncQueueService Unit Tests processQueue simulates backup and clears queue
00:06 +88 -1: C:/Users/kuldeep/OneDrive/Desktop/mental mantra/test/unit/sync_queue_service_test.dart: SyncQueueService Unit Tests processQueue simulates backup and clears queue
00:06 +89 -1: C:/Users/kuldeep/OneDrive/Desktop/mental mantra/test/unit/sync_queue_service_test.dart: SyncQueueService Unit Tests processQueue simulates backup and clears queue
00:06 +90 -1: C:/Users/kuldeep/OneDrive/Desktop/mental mantra/test/unit/sync_queue_service_test.dart: SyncQueueService Unit Tests processQueue simulates backup and clears queue
00:06 +91 -1: C:/Users/kuldeep/OneDrive/Desktop/mental mantra/test/unit/sync_queue_service_test.dart: SyncQueueService Unit Tests processQueue simulates backup and clears queue
00:06 +92 -1: C:/Users/kuldeep/OneDrive/Desktop/mental mantra/test/unit/sync_queue_service_test.dart: SyncQueueService Unit Tests processQueue simulates backup and clears queue
00:06 +93 -1: C:/Users/kuldeep/OneDrive/Desktop/mental mantra/test/unit/sync_queue_service_test.dart: SyncQueueService Unit Tests processQueue simulates backup and clears queue
00:06 +94 -1: C:/Users/kuldeep/OneDrive/Desktop/mental mantra/test/unit/sync_queue_service_test.dart: SyncQueueService Unit Tests processQueue simulates backup and clears queue
00:06 +95 -1: C:/Users/kuldeep/OneDrive/Desktop/mental mantra/test/unit/sync_queue_service_test.dart: SyncQueueService Unit Tests processQueue simulates backup and clears queue
00:06 +96 -1: C:/Users/kuldeep/OneDrive/Desktop/mental mantra/test/unit/sync_queue_service_test.dart: SyncQueueService Unit Tests processQueue simulates backup and clears queue
00:06 +97 -1: C:/Users/kuldeep/OneDrive/Desktop/mental mantra/test/unit/sync_queue_service_test.dart: SyncQueueService Unit Tests processQueue simulates backup and clears queue
00:06 +98 -1: C:/Users/kuldeep/OneDrive/Desktop/mental mantra/test/unit/sync_queue_service_test.dart: SyncQueueService Unit Tests processQueue simulates backup and clears queue
00:06 +99 -1: C:/Users/kuldeep/OneDrive/Desktop/mental mantra/test/unit/sync_queue_service_test.dart: SyncQueueService Unit Tests processQueue simulates backup and clears queue
00:06 +100 -1: C:/Users/kuldeep/OneDrive/Desktop/mental mantra/test/unit/sync_queue_service_test.dart: SyncQueueService Unit Tests processQueue simulates backup and clears queue
00:06 +101 -1: C:/Users/kuldeep/OneDrive/Desktop/mental mantra/test/unit/sync_queue_service_test.dart: SyncQueueService Unit Tests processQueue simulates backup and clears queue
00:06 +102 -1: C:/Users/kuldeep/OneDrive/Desktop/mental mantra/test/unit/sync_queue_service_test.dart: SyncQueueService Unit Tests processQueue simulates backup and clears queue
00:06 +103 -1: C:/Users/kuldeep/OneDrive/Desktop/mental mantra/test/unit/sync_queue_service_test.dart: SyncQueueService Unit Tests processQueue simulates backup and clears queue
00:06 +104 -1: C:/Users/kuldeep/OneDrive/Desktop/mental mantra/test/unit/sync_queue_service_test.dart: SyncQueueService Unit Tests processQueue simulates backup and clears queue
00:06 +105 -1: C:/Users/kuldeep/OneDrive/Desktop/mental mantra/test/unit/sync_queue_service_test.dart: SyncQueueService Unit Tests processQueue simulates backup and clears queue
00:06 +106 -1: C:/Users/kuldeep/OneDrive/Desktop/mental mantra/test/unit/sync_queue_service_test.dart: SyncQueueService Unit Tests processQueue simulates backup and clears queue
00:06 +107 -1: C:/Users/kuldeep/OneDrive/Desktop/mental mantra/test/unit/sync_queue_service_test.dart: SyncQueueService Unit Tests processQueue simulates backup and clears queue
00:06 +108 -1: C:/Users/kuldeep/OneDrive/Desktop/mental mantra/test/unit/sync_queue_service_test.dart: SyncQueueService Unit Tests processQueue simulates backup and clears queue
00:06 +109 -1: C:/Users/kuldeep/OneDrive/Desktop/mental mantra/test/unit/sync_queue_service_test.dart: SyncQueueService Unit Tests processQueue simulates backup and clears queue
[SyncService] Uploading SET of moods/mood_today to Firestore...
00:07 +110 -1: C:/Users/kuldeep/OneDrive/Desktop/mental mantra/test/unit/sync_queue_service_test.dart: SyncQueueService Unit Tests clearLogs clears sync activity log history
[Config] Auto-detecting backend URL...
[Config] Trying: http://172.26.79.50:3000
[SyncService] Queued sync action: UPDATE on habits/habit_today
00:07 +110 -1: C:/Users/kuldeep/OneDrive/Desktop/mental mantra/test/unit/sync_queue_service_test.dart: SyncQueueService Unit Tests initial state has correct default values
[Config] Trying: http://10.0.2.2:3000
00:07 +110 -1: C:/Users/kuldeep/OneDrive/Desktop/mental mantra/test/unit/sync_queue_service_test.dart: SyncQueueService Unit Tests addToQueue adds new items and increases pendingCount
[Config] Trying: http://10.0.2.2:3000
00:07 +110 -1: C:/Users/kuldeep/OneDrive/Desktop/mental mantra/test/unit/sync_queue_service_test.dart: SyncQueueService Unit Tests addToQueue overwrites previous pending item for same collection/docId
[Config] Trying: http://10.0.2.2:3000
00:07 +110 -1: C:/Users/kuldeep/OneDrive/Desktop/mental mantra/test/unit/sync_queue_service_test.dart: SyncQueueService Unit Tests processQueue simulates backup and clears queue
[Config] Trying: http://10.0.2.2:3000
00:08 +111 -1: C:/Users/kuldeep/OneDrive/Desktop/mental mantra/test/unit/sync_queue_service_test.dart: SyncQueueService Unit Tests clearLogs clears sync activity log history
00:08 +112 -1: C:/Users/kuldeep/OneDrive/Desktop/mental mantra/test/unit/sync_queue_service_test.dart: SyncQueueService Unit Tests clearLogs clears sync activity log history
[SyncService] Uploading UPDATE of habits/habit_today to Firestore...
00:08 +113 -1: C:/Users/kuldeep/OneDrive/Desktop/mental mantra/test/widgets/debounce_button_test.dart: DebounceButton renders child widget
00:08 +114 -1: C:/Users/kuldeep/OneDrive/Desktop/mental mantra/test/widgets/debounce_button_test.dart: DebounceButton calls onTap on tap
00:08 +115 -1: C:/Users/kuldeep/OneDrive/Desktop/mental mantra/test/widgets/debounce_button_test.dart: DebounceButton debounces rapid taps
00:08 +116 -1: C:/Users/kuldeep/OneDrive/Desktop/mental mantra/test/widgets/debounce_button_test.dart: DebounceButton allows tap after debounce period
00:11 +117 -1: C:/Users/kuldeep/OneDrive/Desktop/mental mantra/test/widgets/log_workout_sheet_test.dart: LogWorkoutSheet renders workout type chips
00:11 +118 -1: C:/Users/kuldeep/OneDrive/Desktop/mental mantra/test/widgets/log_workout_sheet_test.dart: LogWorkoutSheet renders workout type chips
00:11 +119 -1: C:/Users/kuldeep/OneDrive/Desktop/mental mantra/test/widgets/log_workout_sheet_test.dart: LogWorkoutSheet renders workout type chips
00:12 +120 -1: C:/Users/kuldeep/OneDrive/Desktop/mental mantra/test/widgets/log_workout_sheet_test.dart: LogWorkoutSheet has duration and calories fields
00:12 +121 -1: Some tests failed.
